  envctl TUI - Press h for Help | Tab to Navigate | q to Quit                                   