  ⣾  envctl TUI - Press h for Help | Tab to Navigate | q to Quit                                                        
╭────────────────────────────────────────────────────────╮╭────────────────────────────────────────────────────────╮    
│ ☸ MC: MCmgmt                                           ││ ☸ WC: WCwork                                           │    
│ ✔ Nodes: 3/3                                           ││ ⚠ Nodes: 1/2 [WARN]                                    │    
╰────────────────────────────────────────────────────────╯╰────────────────────────────────────────────────────────╯    
[;m╭────────────────────────────────────╮[0m╭────────────────────────────────────╮╭────────────────────────────────────╮      
[;m│[0m 🔗  Prometheus (MC)                [;m│[0m│ 🔗  Grafana (MC)                   ││                                    │      
[;m│[0m                                    [;m│[0m│                                    │╰────────────────────────────────────╯      
[;m│[0m Port: :                            [;m│[0m│ Port: :                            │                                            
[;m│[0m Svc:                               [;m│[0m│ Svc:                               │                                            
[;m│[0m Status: ▶ Running                  [;m│[0m│ Status: ❌  Error                  │                                            
[;m╰────────────────────────────────────╯[0m╰────────────────────────────────────╯                                            
╭────────────────────────────────────╮╭────────────────────────────────────╮╭────────────────────────────────────╮      
│ ⚙ kubernetes MCP                   ││ ⚙ prometheus MCP                   ││ ⚙ grafana MCP                      │      
│                                    ││                                    ││                                    │      
│ Port: 8001 (SSE)                   ││ Port: 8002 (SSE)                   ││ Port: 8003 (SSE)                   │      
│ PID: N/A                           ││ PID: N/A                           ││ PID: N/A                           │      
│ Status: ⚠ Not Started              ││ Status: ⚠ Not Started              ││ Status: ⚠ Not Started              │      
╰────────────────────────────────────╯╰────────────────────────────────────╯╰────────────────────────────────────╯      
╭────────────────────────────────────────────────────────────────────────────────────────────────────────────────────╮  
│  📜  Combined Activity Log                                                                                         │  
│                                                                                                                    │  
│ [INFO] System initialized.                                                                                         │  
│ [DEBUG] Test debug message for main log.                                                                           │  
│                                                                                                                    │  
│                                                                                                                    │  
│                                                                                                                    │  
│                                                                                                                    │  
│                                                                                                                    │  
│                                                                                                                    │  
│                                                                                                                    │  
│                                                                                                                    │  
│                                                                                                                    │  
│                                                                                                                    │  
│                                                                                                                    │  
│                                                                                                                    │  
│                                                                                                                    │  
│                                                                                                                    │  
│                                                                                                                    │  
│                                                                                                                    │  
│                                                                                                                    │  
│                                                                                                                    │  
│                                                                                                                    │  
│                                                                                                                    │  
╰────────────────────────────────────────────────────────────────────────────────────────────────────────────────────╯  
                                                                                                                        
⣾                                        ✨  Main dashboard ready.                        ☸  MC: MCmgmt / ☸  WC: WCwork 