                                                                                                    
                                                                                                    
                                                                                                    
            â•­â”€â”€â”€â”€â”€â”€â”€â”€â”€â”€â”€â”€â”€â”€â”€â”€â”€â”€â”€â”€â”€â”€â”€â”€â”€â”€â”€â”€â”€â”€â”€â”€â”€â”€â”€â”€â”€â”€â”€â”€â”€â”€â”€â”€â”€â”€â”€â”€â”€â”€â”€â”€â”€â”€â”€â”€â”€â”€â”€â”€â”€â”€â”€â”€â”€â”€â”€â”€â”€â”€â”€â”€â”€â”€â•®            
            â”‚                                                                          â”‚            
            â”‚   ðŸ“œ   Activity Log  (â†‘/â†“ scroll  â€¢  y copy  â€¢  Esc close)               â”‚            
            â”‚                                                                          â”‚            
            â”‚  [INFO] Log line 1                                                       â”‚            
            â”‚  [WARN] A warning message here                                           â”‚            
            â”‚  [ERRO] An error occurred!                                               â”‚            
            â”‚  This is a very long log line to test wrapping and viewport behavior.    â”‚            
            â”‚  This                                                                    â”‚            
            â”‚                                                                          â”‚            
            â”‚                                                                          â”‚            
            â”‚                                                                          â”‚            
            â”‚                                                                          â”‚            
            â”‚                                                                          â”‚            
            â”‚                                                                          â”‚            
            â”‚                                                                          â”‚            
            â”‚                                                                          â”‚            
            â”‚                                                                          â”‚            
            â”‚                                                                          â”‚            
            â”‚                                                                          â”‚            
            â”‚                                                                          â”‚            
            â•°â”€â”€â”€â”€â”€â”€â”€â”€â”€â”€â”€â”€â”€â”€â”€â”€â”€â”€â”€â”€â”€â”€â”€â”€â”€â”€â”€â”€â”€â”€â”€â”€â”€â”€â”€â”€â”€â”€â”€â”€â”€â”€â”€â”€â”€â”€â”€â”€â”€â”€â”€â”€â”€â”€â”€â”€â”€â”€â”€â”€â”€â”€â”€â”€â”€â”€â”€â”€â”€â”€â”€â”€â”€â”€â•¯            
                                                                                                    
                                                                                                    
                                                                                                    
                                                                                                    
 âš  Degraded                                                                   â˜¸  MC: MC / â˜¸  WC: WC 