⣾                    ❌  This is an ERROR message!        ☸  MC: MC / ☸  WC: WC 