⣾                      ℹ This is an INFO message.         ☸  MC: MC / ☸  WC: WC 